
> react-kavia@0.1.0 start
> cross-env EDIT_MODE=true webpack serve --config .ve/webpack.config.js --mode development

<i> [webpack-dev-server] Project is running at:
<i> [webpack-dev-server] Loopback: http://localhost:3000/, http://[::1]:3000/
<i> [webpack-dev-server] On Your Network (IPv4): http://172.17.0.2:3000/
<i> [webpack-dev-server] Content not from webpack is served from './public' directory
Injecting EditorRootWrapper import: ../.ve/EditorRootWrapper
asset bundle.js 1.86 MiB [emitted] (name: main)
asset index.html 1.11 KiB [emitted]
runtime modules 28.7 KiB 15 modules
cacheable modules 1.65 MiB
  modules by path ./node_modules/ 1.54 MiB 34 modules
  modules by path ./src/ 100 KiB
    modules by path ./src/components/ 81.7 KiB 12 modules
    modules by path ./src/*.css 12.5 KiB 4 modules
    ./src/index.js 534 bytes [built] [code generated]
    ./src/App.jsx 5.23 KiB [built] [code generated]
  modules by path ./.ve/ 15.1 KiB
    modules by path ./.ve/*.js 10.6 KiB 2 modules
    modules by path ./.ve/*.css 2.93 KiB
      ./.ve/EditorOverlay.css 2.25 KiB [built] [code generated]
      ./node_modules/css-loader/dist/cjs.js!./.ve/EditorOverlay.css 697 bytes [built] [code generated]
    ./.ve/EditorOverlay.jsx 1.58 KiB [built] [code generated]
webpack 5.99.9 compiled successfully in 1547 ms
assets by status 1.11 KiB [cached] 1 asset
assets by path *.js 1.87 MiB
  asset bundle.js 1.86 MiB [emitted] (name: main)
  asset main.be974d0ed892d2dc7f8a.hot-update.js 12.3 KiB [emitted] [immutable] [hmr] (name: main)
asset main.be974d0ed892d2dc7f8a.hot-update.json 28 bytes [emitted] [immutable] [hmr]
Entrypoint main 1.87 MiB = bundle.js 1.86 MiB main.be974d0ed892d2dc7f8a.hot-update.js 12.3 KiB
cached modules 1.64 MiB [cached] 56 modules
runtime modules 28.7 KiB 15 modules
./node_modules/css-loader/dist/cjs.js!./src/components/TicTacToe/TicTacToe.css 9.46 KiB [built] [code generated]
webpack 5.99.9 compiled successfully in 81 ms
assets by status 1.11 KiB [cached] 1 asset
assets by path *.js 1.87 MiB
  asset bundle.js 1.86 MiB [emitted] (name: main)
  asset main.13b8b5c059880fb73b18.hot-update.js 12.1 KiB [emitted] [immutable] [hmr] (name: main)
asset main.13b8b5c059880fb73b18.hot-update.json 28 bytes [emitted] [immutable] [hmr]
Entrypoint main 1.87 MiB = bundle.js 1.86 MiB main.13b8b5c059880fb73b18.hot-update.js 12.1 KiB
cached modules 1.64 MiB [cached] 56 modules
runtime modules 28.7 KiB 15 modules
./node_modules/css-loader/dist/cjs.js!./src/components/TicTacToe/TicTacToe.css 9.25 KiB [built] [code generated]
webpack 5.99.9 compiled successfully in 51 ms
assets by status 1.11 KiB [cached] 1 asset
assets by path *.js 1.87 MiB
  asset bundle.js 1.86 MiB [emitted] (name: main)
  asset main.9eff856e2c6b57c7c34b.hot-update.js 12.8 KiB [emitted] [immutable] [hmr] (name: main)
asset main.9eff856e2c6b57c7c34b.hot-update.json 28 bytes [emitted] [immutable] [hmr]
Entrypoint main 1.87 MiB = bundle.js 1.86 MiB main.9eff856e2c6b57c7c34b.hot-update.js 12.8 KiB
cached modules 1.64 MiB [cached] 56 modules
runtime modules 28.7 KiB 15 modules
./node_modules/css-loader/dist/cjs.js!./src/components/TicTacToe/TicTacToe.css 9.97 KiB [built] [code generated]
webpack 5.99.9 compiled successfully in 55 ms
